2025-09-03T00:02:01.662+09:00  WARN 17252 --- [MySpringBootLab] [http-nio-8080-exec-9] .m.m.a.ExceptionHandlerExceptionResolver : Resolved [com.rookies4.myspringbootlab.exception.BusinessException: Pulisher not found with id: 999]
2025-09-03T00:02:16.111+09:00  WARN 17252 --- [MySpringBootLab] [http-nio-8080-exec-4] .m.m.a.ExceptionHandlerExceptionResolver : Resolved [com.rookies4.myspringbootlab.exception.BusinessException: Book not found with Id: 999]
2025-09-03T00:02:31.567+09:00  WARN 17252 --- [MySpringBootLab] [http-nio-8080-exec-2] .m.m.a.ExceptionHandlerExceptionResolver : Resolved [com.rookies4.myspringbootlab.exception.BusinessException: Publisher already exists with name: O'Reilly Media]
2025-09-03T00:02:40.880+09:00  WARN 17252 --- [MySpringBootLab] [http-nio-8080-exec-1] .w.s.m.s.DefaultHandlerExceptionResolver : Resolved [org.springframework.web.bind.MethodArgumentNotValidException: Validation failed for argument [0] in public org.springframework.http.ResponseEntity<com.rookies4.myspringbootlab.controller.dto.BookDTO$Response> com.rookies4.myspringbootlab.controller.BookDetailController.createBook(com.rookies4.myspringbootlab.controller.dto.BookDTO$Request) with 4 errors: [Field error in object 'request' on field 'title': rejected value [null]; codes [NotBlank.request.title,NotBlank.title,NotBlank.java.lang.String,NotBlank]; arguments [org.springframework.context.support.DefaultMessageSourceResolvable: codes [request.title,title]; arguments []; default message [title]]; default message [Book title is required]] [Field error in object 'request' on field 'author': rejected value [null]; codes [NotBlank.request.author,NotBlank.author,NotBlank.java.lang.String,NotBlank]; arguments [org.springframework.context.support.DefaultMessageSourceResolvable: codes [request.author,author]; arguments []; default message [author]]; default message [Author name is required]] [Field error in object 'request' on field 'isbn': rejected value [null]; codes [NotBlank.request.isbn,NotBlank.isbn,NotBlank.java.lang.String,NotBlank]; arguments [org.springframework.context.support.DefaultMessageSourceResolvable: codes [request.isbn,isbn]; arguments []; default message [isbn]]; default message [ISBN is required]] [Field error in object 'request' on field 'publisherId': rejected value [null]; codes [NotNull.request.publisherId,NotNull.publisherId,NotNull.java.lang.Long,NotNull]; arguments [org.springframework.context.support.DefaultMessageSourceResolvable: codes [request.publisherId,publisherId]; arguments []; default message [publisherId]]; default message [Publisher ID is required]] ]
2025-09-03T00:02:45.573+09:00  WARN 17252 --- [MySpringBootLab] [http-nio-8080-exec-3] .m.m.a.ExceptionHandlerExceptionResolver : Resolved [com.rookies4.myspringbootlab.exception.BusinessException: Book already exists with ISBN: 978-0134685991]
2025-09-03T00:03:01.331+09:00  WARN 17252 --- [MySpringBootLab] [http-nio-8080-exec-7] .m.m.a.ExceptionHandlerExceptionResolver : Resolved [com.rookies4.myspringbootlab.exception.BusinessException: Publisher not found with id: 999]
2025-09-03T00:03:22.073+09:00  WARN 17252 --- [MySpringBootLab] [http-nio-8080-exec-6] .w.s.m.s.DefaultHandlerExceptionResolver : Resolved [org.springframework.web.bind.MethodArgumentNotValidException: Validation failed for argument [0] in public org.springframework.http.ResponseEntity<com.rookies4.myspringbootlab.controller.dto.BookDTO$Response> com.rookies4.myspringbootlab.controller.BookDetailController.createBook(com.rookies4.myspringbootlab.controller.dto.BookDTO$Request) with 6 errors: [Field error in object 'request' on field 'title': rejected value []; codes [NotBlank.request.title,NotBlank.title,NotBlank.java.lang.String,NotBlank]; arguments [org.springframework.context.support.DefaultMessageSourceResolvable: codes [request.title,title]; arguments []; default message [title]]; default message [Book title is required]] [Field error in object 'request' on field 'publisherId': rejected value [null]; codes [NotNull.request.publisherId,NotNull.publisherId,NotNull.java.lang.Long,NotNull]; arguments [org.springframework.context.support.DefaultMessageSourceResolvable: codes [request.publisherId,publisherId]; arguments []; default message [publisherId]]; default message [Publisher ID is required]] [Field error in object 'request' on field 'author': rejected value []; codes [NotBlank.request.author,NotBlank.author,NotBlank.java.lang.String,NotBlank]; arguments [org.springframework.context.support.DefaultMessageSourceResolvable: codes [request.author,author]; arguments []; default message [author]]; default message [Author name is required]] [Field error in object 'request' on field 'publishDate': rejected value [2025-12-31]; codes [Past.request.publishDate,Past.publishDate,Past.java.time.LocalDate,Past]; arguments [org.springframework.context.support.DefaultMessageSourceResolvable: codes [request.publishDate,publishDate]; arguments []; default message [publishDate]]; default message [Publish date must be in the past]] [Field error in object 'request' on field 'isbn': rejected value [invalid-isbn]; codes [Pattern.request.isbn,Pattern.isbn,Pattern.java.lang.String,Pattern]; arguments [org.springframework.context.support.DefaultMessageSourceResolvable: codes [request.isbn,isbn]; arguments []; default message [isbn],[Ljakarta.validation.constraints.Pattern$Flag;@5f8ea654,^(?=(?:\D*\d){10}(?:(?:\D*\d){3})?$)[\d-]+$]; default message [ISBN must be valid (10 or 13 digits, with or without hyphens)]] [Field error in object 'request' on field 'price': rejected value [-100]; codes [PositiveOrZero.request.price,PositiveOrZero.price,PositiveOrZero.java.lang.Integer,PositiveOrZero]; arguments [org.springframework.context.support.DefaultMessageSourceResolvable: codes [request.price,price]; arguments []; default message [price]]; default message [Price must be positive or zero]] ]
2025-09-03T00:05:58.854+09:00  INFO 17252 --- [MySpringBootLab] [SpringApplicationShutdownHook] o.s.b.w.e.tomcat.GracefulShutdown        : Commencing graceful shutdown. Waiting for active requests to complete
2025-09-03T00:05:59.101+09:00  INFO 17252 --- [MySpringBootLab] [tomcat-shutdown] o.s.b.w.e.tomcat.GracefulShutdown        : Graceful shutdown complete
2025-09-03T00:05:59.102+09:00  INFO 17252 --- [MySpringBootLab] [SpringApplicationShutdownHook] j.LocalContainerEntityManagerFactoryBean : Closing JPA EntityManagerFactory for persistence unit 'default'
2025-09-03T00:05:59.114+09:00  WARN 17252 --- [MySpringBootLab] [SpringApplicationShutdownHook] o.s.b.f.support.DisposableBeanAdapter    : Invocation of destroy method failed on bean with name 'inMemoryDatabaseShutdownExecutor': org.h2.jdbc.JdbcSQLNonTransientConnectionException: Database is already closed (to disable automatic closing at VM shutdown, add ";DB_CLOSE_ON_EXIT=FALSE" to the db URL) [90121-232]
2025-09-03T00:05:59.115+09:00  INFO 17252 --- [MySpringBootLab] [SpringApplicationShutdownHook] com.zaxxer.hikari.HikariDataSource       : HikariPool-1 - Shutdown initiated...
2025-09-03T00:05:59.116+09:00  INFO 17252 --- [MySpringBootLab] [SpringApplicationShutdownHook] com.zaxxer.hikari.HikariDataSource       : HikariPool-1 - Shutdown completed.
2025-09-03T00:06:02.193+09:00  INFO 24380 --- [MySpringBootLab] [restartedMain] c.r.m.MySpringBootLabApplication         : Starting MySpringBootLabApplication using Java 17.0.2 with PID 24380 (C:\mybackend\SpringBoot\MySpringBootLab\target\classes started by user in C:\mybackend\SpringBoot\MySpringBootLab)
2025-09-03T00:06:02.193+09:00 DEBUG 24380 --- [MySpringBootLab] [restartedMain] c.r.m.MySpringBootLabApplication         : Running with Spring Boot v3.4.8, Spring v6.2.9
2025-09-03T00:06:02.193+09:00  INFO 24380 --- [MySpringBootLab] [restartedMain] c.r.m.MySpringBootLabApplication         : The following 1 profile is active: "test"
2025-09-03T00:06:02.241+09:00  INFO 24380 --- [MySpringBootLab] [restartedMain] .e.DevToolsPropertyDefaultsPostProcessor : Devtools property defaults active! Set 'spring.devtools.add-properties' to 'false' to disable
2025-09-03T00:06:02.241+09:00  INFO 24380 --- [MySpringBootLab] [restartedMain] .e.DevToolsPropertyDefaultsPostProcessor : For additional web related logging consider setting the 'logging.level.web' property to 'DEBUG'
2025-09-03T00:06:03.220+09:00  INFO 24380 --- [MySpringBootLab] [restartedMain] .s.d.r.c.RepositoryConfigurationDelegate : Bootstrapping Spring Data JPA repositories in DEFAULT mode.
2025-09-03T00:06:03.275+09:00  INFO 24380 --- [MySpringBootLab] [restartedMain] .s.d.r.c.RepositoryConfigurationDelegate : Finished Spring Data repository scanning in 44 ms. Found 3 JPA repository interfaces.
2025-09-03T00:06:03.965+09:00  INFO 24380 --- [MySpringBootLab] [restartedMain] o.s.b.w.embedded.tomcat.TomcatWebServer  : Tomcat initialized with port 8080 (http)
2025-09-03T00:06:03.980+09:00  INFO 24380 --- [MySpringBootLab] [restartedMain] o.apache.catalina.core.StandardService   : Starting service [Tomcat]
2025-09-03T00:06:03.980+09:00  INFO 24380 --- [MySpringBootLab] [restartedMain] o.apache.catalina.core.StandardEngine    : Starting Servlet engine: [Apache Tomcat/10.1.43]
2025-09-03T00:06:04.032+09:00  INFO 24380 --- [MySpringBootLab] [restartedMain] o.a.c.c.C.[Tomcat].[localhost].[/]       : Initializing Spring embedded WebApplicationContext
2025-09-03T00:06:04.032+09:00  INFO 24380 --- [MySpringBootLab] [restartedMain] w.s.c.ServletWebServerApplicationContext : Root WebApplicationContext: initialization completed in 1791 ms
2025-09-03T00:06:04.342+09:00  INFO 24380 --- [MySpringBootLab] [restartedMain] o.hibernate.jpa.internal.util.LogHelper  : HHH000204: Processing PersistenceUnitInfo [name: default]
2025-09-03T00:06:04.406+09:00  INFO 24380 --- [MySpringBootLab] [restartedMain] org.hibernate.Version                    : HHH000412: Hibernate ORM core version 6.6.22.Final
2025-09-03T00:06:04.438+09:00  INFO 24380 --- [MySpringBootLab] [restartedMain] o.h.c.internal.RegionFactoryInitiator    : HHH000026: Second-level cache disabled
2025-09-03T00:06:04.697+09:00  INFO 24380 --- [MySpringBootLab] [restartedMain] o.s.o.j.p.SpringPersistenceUnitInfo      : No LoadTimeWeaver setup: ignoring JPA class transformer
2025-09-03T00:06:04.728+09:00  INFO 24380 --- [MySpringBootLab] [restartedMain] com.zaxxer.hikari.HikariDataSource       : HikariPool-1 - Starting...
2025-09-03T00:06:04.871+09:00  INFO 24380 --- [MySpringBootLab] [restartedMain] com.zaxxer.hikari.pool.HikariPool        : HikariPool-1 - Added connection conn0: url=jdbc:h2:mem:testdb user=SA
2025-09-03T00:06:04.871+09:00  INFO 24380 --- [MySpringBootLab] [restartedMain] com.zaxxer.hikari.HikariDataSource       : HikariPool-1 - Start completed.
2025-09-03T00:06:04.903+09:00  INFO 24380 --- [MySpringBootLab] [restartedMain] org.hibernate.orm.connections.pooling    : HHH10001005: Database info:
	Database JDBC URL [Connecting through datasource 'HikariDataSource (HikariPool-1)']
	Database driver: undefined/unknown
	Database version: 2.3.232
	Autocommit mode: undefined/unknown
	Isolation level: undefined/unknown
	Minimum pool size: undefined/unknown
	Maximum pool size: undefined/unknown
2025-09-03T00:06:05.554+09:00  INFO 24380 --- [MySpringBootLab] [restartedMain] o.h.e.t.j.p.i.JtaPlatformInitiator       : HHH000489: No JTA platform available (set 'hibernate.transaction.jta.platform' to enable JTA platform integration)
2025-09-03T00:06:05.602+09:00  INFO 24380 --- [MySpringBootLab] [restartedMain] j.LocalContainerEntityManagerFactoryBean : Initialized JPA EntityManagerFactory for persistence unit 'default'
2025-09-03T00:06:05.962+09:00  INFO 24380 --- [MySpringBootLab] [restartedMain] o.s.d.j.r.query.QueryEnhancerFactory     : Hibernate is in classpath; If applicable, HQL parser will be used.
2025-09-03T00:06:06.506+09:00  WARN 24380 --- [MySpringBootLab] [restartedMain] JpaBaseConfiguration$JpaWebConfiguration : spring.jpa.open-in-view is enabled by default. Therefore, database queries may be performed during view rendering. Explicitly configure spring.jpa.open-in-view to disable this warning
2025-09-03T00:06:06.766+09:00  WARN 24380 --- [MySpringBootLab] [restartedMain] ion$DefaultTemplateResolverConfiguration : Cannot find template location: classpath:/templates/ (please add some templates, check your Thymeleaf configuration, or set spring.thymeleaf.check-template-location=false)
2025-09-03T00:06:06.954+09:00  INFO 24380 --- [MySpringBootLab] [restartedMain] o.s.b.a.h2.H2ConsoleAutoConfiguration    : H2 console available at '/h2-console'. Database available at 'jdbc:h2:mem:testdb'
2025-09-03T00:06:07.016+09:00  INFO 24380 --- [MySpringBootLab] [restartedMain] o.s.b.d.a.OptionalLiveReloadServer       : LiveReload server is running on port 35729
2025-09-03T00:06:07.021+09:00  INFO 24380 --- [MySpringBootLab] [restartedMain] o.s.b.a.e.web.EndpointLinksResolver      : Exposing 1 endpoint beneath base path '/actuator'
2025-09-03T00:06:07.094+09:00  INFO 24380 --- [MySpringBootLab] [restartedMain] o.s.b.w.embedded.tomcat.TomcatWebServer  : Tomcat started on port 8080 (http) with context path '/'
2025-09-03T00:06:07.121+09:00  INFO 24380 --- [MySpringBootLab] [restartedMain] c.r.m.MySpringBootLabApplication         : Started MySpringBootLabApplication in 5.377 seconds (process running for 5.764)
2025-09-03T00:06:07.170+09:00  INFO 24380 --- [MySpringBootLab] [restartedMain] c.r.m.runner.BookDataInitRunner          : Starting book data initialization...
2025-09-03T00:06:07.238+09:00  INFO 24380 --- [MySpringBootLab] [restartedMain] c.r.m.runner.BookDataInitRunner          : Creating publishers...
2025-09-03T00:06:07.283+09:00  INFO 24380 --- [MySpringBootLab] [restartedMain] c.r.m.runner.BookDataInitRunner          : Created 4 publishers
2025-09-03T00:06:07.283+09:00  INFO 24380 --- [MySpringBootLab] [restartedMain] c.r.m.runner.BookDataInitRunner          : Creating books...
2025-09-03T00:06:07.292+09:00  INFO 24380 --- [MySpringBootLab] [restartedMain] c.r.m.runner.BookDataInitRunner          : Created 8 books
2025-09-03T00:06:07.292+09:00  INFO 24380 --- [MySpringBootLab] [restartedMain] c.r.m.runner.BookDataInitRunner          : Book data initialization completed successfully
2025-09-03T00:06:07.308+09:00 DEBUG 24380 --- [MySpringBootLab] [restartedMain] c.r.myspringbootlab.runner.MyPropRunner  : ${myprop.username} = Test Env
2025-09-03T00:06:07.308+09:00 DEBUG 24380 --- [MySpringBootLab] [restartedMain] c.r.myspringbootlab.runner.MyPropRunner  : ${myprop.port} = 19
2025-09-03T00:06:07.308+09:00 DEBUG 24380 --- [MySpringBootLab] [restartedMain] c.r.myspringbootlab.runner.MyPropRunner  : ${myprop.username} = Test Env
2025-09-03T00:06:07.308+09:00  INFO 24380 --- [MySpringBootLab] [restartedMain] c.r.myspringbootlab.runner.MyPropRunner  : MyBootProperties getUsername() = Test Env
2025-09-03T00:06:07.308+09:00  INFO 24380 --- [MySpringBootLab] [restartedMain] c.r.myspringbootlab.runner.MyPropRunner  : MyBootProperties getPort() = 43
2025-09-03T00:06:07.308+09:00  INFO 24380 --- [MySpringBootLab] [restartedMain] c.r.myspringbootlab.runner.MyPropRunner  : 설정된 Port 번호 = 8080
2025-09-03T00:06:07.308+09:00  INFO 24380 --- [MySpringBootLab] [restartedMain] c.r.myspringbootlab.runner.MyPropRunner  : 현재 활성화된 MyEnvironment Bean = MyEnvironment(mode=테스트환경)
2025-09-03T00:06:07.309+09:00 DEBUG 24380 --- [MySpringBootLab] [restartedMain] c.r.myspringbootlab.runner.MyPropRunner  : VM 아규먼트 foo : false
2025-09-03T00:06:07.309+09:00 DEBUG 24380 --- [MySpringBootLab] [restartedMain] c.r.myspringbootlab.runner.MyPropRunner  : Program 아규먼트 bar : false
2025-09-03T00:06:12.871+09:00  INFO 24380 --- [MySpringBootLab] [http-nio-8080-exec-1] o.a.c.c.C.[Tomcat].[localhost].[/]       : Initializing Spring DispatcherServlet 'dispatcherServlet'
2025-09-03T00:06:12.871+09:00  INFO 24380 --- [MySpringBootLab] [http-nio-8080-exec-1] o.s.web.servlet.DispatcherServlet        : Initializing Servlet 'dispatcherServlet'
2025-09-03T00:06:12.871+09:00  INFO 24380 --- [MySpringBootLab] [http-nio-8080-exec-1] o.s.web.servlet.DispatcherServlet        : Completed initialization in 0 ms
2025-09-03T00:06:13.031+09:00  WARN 24380 --- [MySpringBootLab] [http-nio-8080-exec-1] .m.m.a.ExceptionHandlerExceptionResolver : Resolved [org.springframework.web.bind.MethodArgumentNotValidException: Validation failed for argument [0] in public org.springframework.http.ResponseEntity<com.rookies4.myspringbootlab.controller.dto.BookDTO$Response> com.rookies4.myspringbootlab.controller.BookDetailController.createBook(com.rookies4.myspringbootlab.controller.dto.BookDTO$Request) with 6 errors: [Field error in object 'request' on field 'title': rejected value []; codes [NotBlank.request.title,NotBlank.title,NotBlank.java.lang.String,NotBlank]; arguments [org.springframework.context.support.DefaultMessageSourceResolvable: codes [request.title,title]; arguments []; default message [title]]; default message [Book title is required]] [Field error in object 'request' on field 'isbn': rejected value [invalid-isbn]; codes [Pattern.request.isbn,Pattern.isbn,Pattern.java.lang.String,Pattern]; arguments [org.springframework.context.support.DefaultMessageSourceResolvable: codes [request.isbn,isbn]; arguments []; default message [isbn],[Ljakarta.validation.constraints.Pattern$Flag;@6b44f52d,^(?=(?:\D*\d){10}(?:(?:\D*\d){3})?$)[\d-]+$]; default message [ISBN must be valid (10 or 13 digits, with or without hyphens)]] [Field error in object 'request' on field 'publishDate': rejected value [2025-12-31]; codes [Past.request.publishDate,Past.publishDate,Past.java.time.LocalDate,Past]; arguments [org.springframework.context.support.DefaultMessageSourceResolvable: codes [request.publishDate,publishDate]; arguments []; default message [publishDate]]; default message [Publish date must be in the past]] [Field error in object 'request' on field 'price': rejected value [-100]; codes [PositiveOrZero.request.price,PositiveOrZero.price,PositiveOrZero.java.lang.Integer,PositiveOrZero]; arguments [org.springframework.context.support.DefaultMessageSourceResolvable: codes [request.price,price]; arguments []; default message [price]]; default message [Price must be positive or zero]] [Field error in object 'request' on field 'author': rejected value []; codes [NotBlank.request.author,NotBlank.author,NotBlank.java.lang.String,NotBlank]; arguments [org.springframework.context.support.DefaultMessageSourceResolvable: codes [request.author,author]; arguments []; default message [author]]; default message [Author name is required]] [Field error in object 'request' on field 'publisherId': rejected value [null]; codes [NotNull.request.publisherId,NotNull.publisherId,NotNull.java.lang.Long,NotNull]; arguments [org.springframework.context.support.DefaultMessageSourceResolvable: codes [request.publisherId,publisherId]; arguments []; default message [publisherId]]; default message [Publisher ID is required]] ]
2025-09-03T00:07:06.440+09:00  INFO 24380 --- [MySpringBootLab] [SpringApplicationShutdownHook] o.s.b.w.e.tomcat.GracefulShutdown        : Commencing graceful shutdown. Waiting for active requests to complete
2025-09-03T00:07:06.721+09:00  INFO 24380 --- [MySpringBootLab] [tomcat-shutdown] o.s.b.w.e.tomcat.GracefulShutdown        : Graceful shutdown complete
2025-09-03T00:07:06.724+09:00  INFO 24380 --- [MySpringBootLab] [SpringApplicationShutdownHook] j.LocalContainerEntityManagerFactoryBean : Closing JPA EntityManagerFactory for persistence unit 'default'
2025-09-03T00:07:06.731+09:00  WARN 24380 --- [MySpringBootLab] [SpringApplicationShutdownHook] o.s.b.f.support.DisposableBeanAdapter    : Invocation of destroy method failed on bean with name 'inMemoryDatabaseShutdownExecutor': org.h2.jdbc.JdbcSQLNonTransientConnectionException: Database is already closed (to disable automatic closing at VM shutdown, add ";DB_CLOSE_ON_EXIT=FALSE" to the db URL) [90121-232]
2025-09-03T00:07:06.731+09:00  INFO 24380 --- [MySpringBootLab] [SpringApplicationShutdownHook] com.zaxxer.hikari.HikariDataSource       : HikariPool-1 - Shutdown initiated...
2025-09-03T00:07:06.733+09:00  INFO 24380 --- [MySpringBootLab] [SpringApplicationShutdownHook] com.zaxxer.hikari.HikariDataSource       : HikariPool-1 - Shutdown completed.
2025-09-03T00:07:09.462+09:00  INFO 19448 --- [MySpringBootLab] [restartedMain] c.r.m.MySpringBootLabApplication         : Starting MySpringBootLabApplication using Java 17.0.2 with PID 19448 (C:\mybackend\SpringBoot\MySpringBootLab\target\classes started by user in C:\mybackend\SpringBoot\MySpringBootLab)
2025-09-03T00:07:09.470+09:00 DEBUG 19448 --- [MySpringBootLab] [restartedMain] c.r.m.MySpringBootLabApplication         : Running with Spring Boot v3.4.8, Spring v6.2.9
2025-09-03T00:07:09.470+09:00  INFO 19448 --- [MySpringBootLab] [restartedMain] c.r.m.MySpringBootLabApplication         : The following 1 profile is active: "test"
2025-09-03T00:07:09.526+09:00  INFO 19448 --- [MySpringBootLab] [restartedMain] .e.DevToolsPropertyDefaultsPostProcessor : Devtools property defaults active! Set 'spring.devtools.add-properties' to 'false' to disable
2025-09-03T00:07:09.526+09:00  INFO 19448 --- [MySpringBootLab] [restartedMain] .e.DevToolsPropertyDefaultsPostProcessor : For additional web related logging consider setting the 'logging.level.web' property to 'DEBUG'
2025-09-03T00:07:10.440+09:00  INFO 19448 --- [MySpringBootLab] [restartedMain] .s.d.r.c.RepositoryConfigurationDelegate : Bootstrapping Spring Data JPA repositories in DEFAULT mode.
2025-09-03T00:07:10.514+09:00  INFO 19448 --- [MySpringBootLab] [restartedMain] .s.d.r.c.RepositoryConfigurationDelegate : Finished Spring Data repository scanning in 51 ms. Found 3 JPA repository interfaces.
2025-09-03T00:07:11.126+09:00  INFO 19448 --- [MySpringBootLab] [restartedMain] o.s.b.w.embedded.tomcat.TomcatWebServer  : Tomcat initialized with port 8080 (http)
2025-09-03T00:07:11.150+09:00  INFO 19448 --- [MySpringBootLab] [restartedMain] o.apache.catalina.core.StandardService   : Starting service [Tomcat]
2025-09-03T00:07:11.150+09:00  INFO 19448 --- [MySpringBootLab] [restartedMain] o.apache.catalina.core.StandardEngine    : Starting Servlet engine: [Apache Tomcat/10.1.43]
2025-09-03T00:07:11.204+09:00  INFO 19448 --- [MySpringBootLab] [restartedMain] o.a.c.c.C.[Tomcat].[localhost].[/]       : Initializing Spring embedded WebApplicationContext
2025-09-03T00:07:11.204+09:00  INFO 19448 --- [MySpringBootLab] [restartedMain] w.s.c.ServletWebServerApplicationContext : Root WebApplicationContext: initialization completed in 1678 ms
2025-09-03T00:07:11.470+09:00  INFO 19448 --- [MySpringBootLab] [restartedMain] o.hibernate.jpa.internal.util.LogHelper  : HHH000204: Processing PersistenceUnitInfo [name: default]
2025-09-03T00:07:11.548+09:00  INFO 19448 --- [MySpringBootLab] [restartedMain] org.hibernate.Version                    : HHH000412: Hibernate ORM core version 6.6.22.Final
2025-09-03T00:07:11.580+09:00  INFO 19448 --- [MySpringBootLab] [restartedMain] o.h.c.internal.RegionFactoryInitiator    : HHH000026: Second-level cache disabled
2025-09-03T00:07:11.829+09:00  INFO 19448 --- [MySpringBootLab] [restartedMain] o.s.o.j.p.SpringPersistenceUnitInfo      : No LoadTimeWeaver setup: ignoring JPA class transformer
2025-09-03T00:07:11.852+09:00  INFO 19448 --- [MySpringBootLab] [restartedMain] com.zaxxer.hikari.HikariDataSource       : HikariPool-1 - Starting...
2025-09-03T00:07:11.970+09:00  INFO 19448 --- [MySpringBootLab] [restartedMain] com.zaxxer.hikari.pool.HikariPool        : HikariPool-1 - Added connection conn0: url=jdbc:h2:mem:testdb user=SA
2025-09-03T00:07:11.986+09:00  INFO 19448 --- [MySpringBootLab] [restartedMain] com.zaxxer.hikari.HikariDataSource       : HikariPool-1 - Start completed.
2025-09-03T00:07:12.029+09:00  INFO 19448 --- [MySpringBootLab] [restartedMain] org.hibernate.orm.connections.pooling    : HHH10001005: Database info:
	Database JDBC URL [Connecting through datasource 'HikariDataSource (HikariPool-1)']
	Database driver: undefined/unknown
	Database version: 2.3.232
	Autocommit mode: undefined/unknown
	Isolation level: undefined/unknown
	Minimum pool size: undefined/unknown
	Maximum pool size: undefined/unknown
2025-09-03T00:07:12.703+09:00  INFO 19448 --- [MySpringBootLab] [restartedMain] o.h.e.t.j.p.i.JtaPlatformInitiator       : HHH000489: No JTA platform available (set 'hibernate.transaction.jta.platform' to enable JTA platform integration)
2025-09-03T00:07:12.735+09:00  INFO 19448 --- [MySpringBootLab] [restartedMain] j.LocalContainerEntityManagerFactoryBean : Initialized JPA EntityManagerFactory for persistence unit 'default'
2025-09-03T00:07:13.032+09:00  INFO 19448 --- [MySpringBootLab] [restartedMain] o.s.d.j.r.query.QueryEnhancerFactory     : Hibernate is in classpath; If applicable, HQL parser will be used.
2025-09-03T00:07:13.599+09:00  WARN 19448 --- [MySpringBootLab] [restartedMain] JpaBaseConfiguration$JpaWebConfiguration : spring.jpa.open-in-view is enabled by default. Therefore, database queries may be performed during view rendering. Explicitly configure spring.jpa.open-in-view to disable this warning
2025-09-03T00:07:13.860+09:00  WARN 19448 --- [MySpringBootLab] [restartedMain] ion$DefaultTemplateResolverConfiguration : Cannot find template location: classpath:/templates/ (please add some templates, check your Thymeleaf configuration, or set spring.thymeleaf.check-template-location=false)
2025-09-03T00:07:14.073+09:00  INFO 19448 --- [MySpringBootLab] [restartedMain] o.s.b.a.h2.H2ConsoleAutoConfiguration    : H2 console available at '/h2-console'. Database available at 'jdbc:h2:mem:testdb'
2025-09-03T00:07:14.125+09:00  INFO 19448 --- [MySpringBootLab] [restartedMain] o.s.b.d.a.OptionalLiveReloadServer       : LiveReload server is running on port 35729
2025-09-03T00:07:14.125+09:00  INFO 19448 --- [MySpringBootLab] [restartedMain] o.s.b.a.e.web.EndpointLinksResolver      : Exposing 1 endpoint beneath base path '/actuator'
2025-09-03T00:07:14.214+09:00  INFO 19448 --- [MySpringBootLab] [restartedMain] o.s.b.w.embedded.tomcat.TomcatWebServer  : Tomcat started on port 8080 (http) with context path '/'
2025-09-03T00:07:14.226+09:00  INFO 19448 --- [MySpringBootLab] [restartedMain] c.r.m.MySpringBootLabApplication         : Started MySpringBootLabApplication in 5.186 seconds (process running for 5.535)
2025-09-03T00:07:14.267+09:00  INFO 19448 --- [MySpringBootLab] [restartedMain] c.r.m.runner.BookDataInitRunner          : Starting book data initialization...
2025-09-03T00:07:14.336+09:00  INFO 19448 --- [MySpringBootLab] [restartedMain] c.r.m.runner.BookDataInitRunner          : Creating publishers...
2025-09-03T00:07:14.360+09:00  INFO 19448 --- [MySpringBootLab] [restartedMain] c.r.m.runner.BookDataInitRunner          : Created 4 publishers
2025-09-03T00:07:14.360+09:00  INFO 19448 --- [MySpringBootLab] [restartedMain] c.r.m.runner.BookDataInitRunner          : Creating books...
2025-09-03T00:07:14.376+09:00  INFO 19448 --- [MySpringBootLab] [restartedMain] c.r.m.runner.BookDataInitRunner          : Created 8 books
2025-09-03T00:07:14.376+09:00  INFO 19448 --- [MySpringBootLab] [restartedMain] c.r.m.runner.BookDataInitRunner          : Book data initialization completed successfully
2025-09-03T00:07:14.392+09:00 DEBUG 19448 --- [MySpringBootLab] [restartedMain] c.r.myspringbootlab.runner.MyPropRunner  : ${myprop.username} = Test Env
2025-09-03T00:07:14.392+09:00 DEBUG 19448 --- [MySpringBootLab] [restartedMain] c.r.myspringbootlab.runner.MyPropRunner  : ${myprop.port} = 55
2025-09-03T00:07:14.392+09:00 DEBUG 19448 --- [MySpringBootLab] [restartedMain] c.r.myspringbootlab.runner.MyPropRunner  : ${myprop.username} = Test Env
2025-09-03T00:07:14.392+09:00  INFO 19448 --- [MySpringBootLab] [restartedMain] c.r.myspringbootlab.runner.MyPropRunner  : MyBootProperties getUsername() = Test Env
2025-09-03T00:07:14.392+09:00  INFO 19448 --- [MySpringBootLab] [restartedMain] c.r.myspringbootlab.runner.MyPropRunner  : MyBootProperties getPort() = 33
2025-09-03T00:07:14.392+09:00  INFO 19448 --- [MySpringBootLab] [restartedMain] c.r.myspringbootlab.runner.MyPropRunner  : 설정된 Port 번호 = 8080
2025-09-03T00:07:14.392+09:00  INFO 19448 --- [MySpringBootLab] [restartedMain] c.r.myspringbootlab.runner.MyPropRunner  : 현재 활성화된 MyEnvironment Bean = MyEnvironment(mode=테스트환경)
2025-09-03T00:07:14.392+09:00 DEBUG 19448 --- [MySpringBootLab] [restartedMain] c.r.myspringbootlab.runner.MyPropRunner  : VM 아규먼트 foo : false
2025-09-03T00:07:14.392+09:00 DEBUG 19448 --- [MySpringBootLab] [restartedMain] c.r.myspringbootlab.runner.MyPropRunner  : Program 아규먼트 bar : false
2025-09-03T00:07:18.425+09:00  INFO 19448 --- [MySpringBootLab] [http-nio-8080-exec-2] o.a.c.c.C.[Tomcat].[localhost].[/]       : Initializing Spring DispatcherServlet 'dispatcherServlet'
2025-09-03T00:07:18.425+09:00  INFO 19448 --- [MySpringBootLab] [http-nio-8080-exec-2] o.s.web.servlet.DispatcherServlet        : Initializing Servlet 'dispatcherServlet'
2025-09-03T00:07:18.425+09:00  INFO 19448 --- [MySpringBootLab] [http-nio-8080-exec-2] o.s.web.servlet.DispatcherServlet        : Completed initialization in 0 ms
2025-09-03T00:07:18.572+09:00  WARN 19448 --- [MySpringBootLab] [http-nio-8080-exec-2] .m.m.a.ExceptionHandlerExceptionResolver : Resolved [org.springframework.web.bind.MethodArgumentNotValidException: Validation failed for argument [0] in public org.springframework.http.ResponseEntity<com.rookies4.myspringbootlab.controller.dto.BookDTO$Response> com.rookies4.myspringbootlab.controller.BookDetailController.createBook(com.rookies4.myspringbootlab.controller.dto.BookDTO$Request) with 6 errors: [Field error in object 'request' on field 'publishDate': rejected value [2025-12-31]; codes [Past.request.publishDate,Past.publishDate,Past.java.time.LocalDate,Past]; arguments [org.springframework.context.support.DefaultMessageSourceResolvable: codes [request.publishDate,publishDate]; arguments []; default message [publishDate]]; default message [Publish date must be in the past]] [Field error in object 'request' on field 'isbn': rejected value [invalid-isbn]; codes [Pattern.request.isbn,Pattern.isbn,Pattern.java.lang.String,Pattern]; arguments [org.springframework.context.support.DefaultMessageSourceResolvable: codes [request.isbn,isbn]; arguments []; default message [isbn],[Ljakarta.validation.constraints.Pattern$Flag;@636b3f6c,^(?=(?:\D*\d){10}(?:(?:\D*\d){3})?$)[\d-]+$]; default message [ISBN must be valid (10 or 13 digits, with or without hyphens)]] [Field error in object 'request' on field 'price': rejected value [-100]; codes [PositiveOrZero.request.price,PositiveOrZero.price,PositiveOrZero.java.lang.Integer,PositiveOrZero]; arguments [org.springframework.context.support.DefaultMessageSourceResolvable: codes [request.price,price]; arguments []; default message [price]]; default message [Price must be positive or zero]] [Field error in object 'request' on field 'author': rejected value []; codes [NotBlank.request.author,NotBlank.author,NotBlank.java.lang.String,NotBlank]; arguments [org.springframework.context.support.DefaultMessageSourceResolvable: codes [request.author,author]; arguments []; default message [author]]; default message [Author name is required]] [Field error in object 'request' on field 'title': rejected value []; codes [NotBlank.request.title,NotBlank.title,NotBlank.java.lang.String,NotBlank]; arguments [org.springframework.context.support.DefaultMessageSourceResolvable: codes [request.title,title]; arguments []; default message [title]]; default message [Book title is required]] [Field error in object 'request' on field 'publisherId': rejected value [null]; codes [NotNull.request.publisherId,NotNull.publisherId,NotNull.java.lang.Long,NotNull]; arguments [org.springframework.context.support.DefaultMessageSourceResolvable: codes [request.publisherId,publisherId]; arguments []; default message [publisherId]]; default message [Publisher ID is required]] ]
2025-09-03T00:08:38.579+09:00  INFO 19448 --- [MySpringBootLab] [SpringApplicationShutdownHook] o.s.b.w.e.tomcat.GracefulShutdown        : Commencing graceful shutdown. Waiting for active requests to complete
2025-09-03T00:08:38.818+09:00  INFO 19448 --- [MySpringBootLab] [tomcat-shutdown] o.s.b.w.e.tomcat.GracefulShutdown        : Graceful shutdown complete
2025-09-03T00:08:38.829+09:00  INFO 19448 --- [MySpringBootLab] [SpringApplicationShutdownHook] j.LocalContainerEntityManagerFactoryBean : Closing JPA EntityManagerFactory for persistence unit 'default'
2025-09-03T00:08:38.838+09:00  WARN 19448 --- [MySpringBootLab] [SpringApplicationShutdownHook] o.s.b.f.support.DisposableBeanAdapter    : Invocation of destroy method failed on bean with name 'inMemoryDatabaseShutdownExecutor': org.h2.jdbc.JdbcSQLNonTransientConnectionException: Database is already closed (to disable automatic closing at VM shutdown, add ";DB_CLOSE_ON_EXIT=FALSE" to the db URL) [90121-232]
2025-09-03T00:08:38.838+09:00  INFO 19448 --- [MySpringBootLab] [SpringApplicationShutdownHook] com.zaxxer.hikari.HikariDataSource       : HikariPool-1 - Shutdown initiated...
2025-09-03T00:08:38.840+09:00  INFO 19448 --- [MySpringBootLab] [SpringApplicationShutdownHook] com.zaxxer.hikari.HikariDataSource       : HikariPool-1 - Shutdown completed.
2025-09-03T00:08:41.760+09:00  INFO 10788 --- [MySpringBootLab] [restartedMain] c.r.m.MySpringBootLabApplication         : Starting MySpringBootLabApplication using Java 17.0.2 with PID 10788 (C:\mybackend\SpringBoot\MySpringBootLab\target\classes started by user in C:\mybackend\SpringBoot\MySpringBootLab)
2025-09-03T00:08:41.763+09:00 DEBUG 10788 --- [MySpringBootLab] [restartedMain] c.r.m.MySpringBootLabApplication         : Running with Spring Boot v3.4.8, Spring v6.2.9
2025-09-03T00:08:41.764+09:00  INFO 10788 --- [MySpringBootLab] [restartedMain] c.r.m.MySpringBootLabApplication         : The following 1 profile is active: "test"
2025-09-03T00:08:41.823+09:00  INFO 10788 --- [MySpringBootLab] [restartedMain] .e.DevToolsPropertyDefaultsPostProcessor : Devtools property defaults active! Set 'spring.devtools.add-properties' to 'false' to disable
2025-09-03T00:08:41.823+09:00  INFO 10788 --- [MySpringBootLab] [restartedMain] .e.DevToolsPropertyDefaultsPostProcessor : For additional web related logging consider setting the 'logging.level.web' property to 'DEBUG'
2025-09-03T00:08:42.833+09:00  INFO 10788 --- [MySpringBootLab] [restartedMain] .s.d.r.c.RepositoryConfigurationDelegate : Bootstrapping Spring Data JPA repositories in DEFAULT mode.
2025-09-03T00:08:42.905+09:00  INFO 10788 --- [MySpringBootLab] [restartedMain] .s.d.r.c.RepositoryConfigurationDelegate : Finished Spring Data repository scanning in 58 ms. Found 3 JPA repository interfaces.
2025-09-03T00:08:43.574+09:00  INFO 10788 --- [MySpringBootLab] [restartedMain] o.s.b.w.embedded.tomcat.TomcatWebServer  : Tomcat initialized with port 8080 (http)
2025-09-03T00:08:43.574+09:00  INFO 10788 --- [MySpringBootLab] [restartedMain] o.apache.catalina.core.StandardService   : Starting service [Tomcat]
2025-09-03T00:08:43.574+09:00  INFO 10788 --- [MySpringBootLab] [restartedMain] o.apache.catalina.core.StandardEngine    : Starting Servlet engine: [Apache Tomcat/10.1.43]
2025-09-03T00:08:43.622+09:00  INFO 10788 --- [MySpringBootLab] [restartedMain] o.a.c.c.C.[Tomcat].[localhost].[/]       : Initializing Spring embedded WebApplicationContext
2025-09-03T00:08:43.622+09:00  INFO 10788 --- [MySpringBootLab] [restartedMain] w.s.c.ServletWebServerApplicationContext : Root WebApplicationContext: initialization completed in 1799 ms
2025-09-03T00:08:43.922+09:00  INFO 10788 --- [MySpringBootLab] [restartedMain] o.hibernate.jpa.internal.util.LogHelper  : HHH000204: Processing PersistenceUnitInfo [name: default]
2025-09-03T00:08:43.994+09:00  INFO 10788 --- [MySpringBootLab] [restartedMain] org.hibernate.Version                    : HHH000412: Hibernate ORM core version 6.6.22.Final
2025-09-03T00:08:44.032+09:00  INFO 10788 --- [MySpringBootLab] [restartedMain] o.h.c.internal.RegionFactoryInitiator    : HHH000026: Second-level cache disabled
2025-09-03T00:08:44.315+09:00  INFO 10788 --- [MySpringBootLab] [restartedMain] o.s.o.j.p.SpringPersistenceUnitInfo      : No LoadTimeWeaver setup: ignoring JPA class transformer
2025-09-03T00:08:44.337+09:00  INFO 10788 --- [MySpringBootLab] [restartedMain] com.zaxxer.hikari.HikariDataSource       : HikariPool-1 - Starting...
2025-09-03T00:08:44.459+09:00  INFO 10788 --- [MySpringBootLab] [restartedMain] com.zaxxer.hikari.pool.HikariPool        : HikariPool-1 - Added connection conn0: url=jdbc:h2:mem:testdb user=SA
2025-09-03T00:08:44.486+09:00  INFO 10788 --- [MySpringBootLab] [restartedMain] com.zaxxer.hikari.HikariDataSource       : HikariPool-1 - Start completed.
2025-09-03T00:08:44.529+09:00  INFO 10788 --- [MySpringBootLab] [restartedMain] org.hibernate.orm.connections.pooling    : HHH10001005: Database info:
	Database JDBC URL [Connecting through datasource 'HikariDataSource (HikariPool-1)']
	Database driver: undefined/unknown
	Database version: 2.3.232
	Autocommit mode: undefined/unknown
	Isolation level: undefined/unknown
	Minimum pool size: undefined/unknown
	Maximum pool size: undefined/unknown
2025-09-03T00:08:45.172+09:00  INFO 10788 --- [MySpringBootLab] [restartedMain] o.h.e.t.j.p.i.JtaPlatformInitiator       : HHH000489: No JTA platform available (set 'hibernate.transaction.jta.platform' to enable JTA platform integration)
2025-09-03T00:08:45.204+09:00  INFO 10788 --- [MySpringBootLab] [restartedMain] j.LocalContainerEntityManagerFactoryBean : Initialized JPA EntityManagerFactory for persistence unit 'default'
2025-09-03T00:08:45.517+09:00  INFO 10788 --- [MySpringBootLab] [restartedMain] o.s.d.j.r.query.QueryEnhancerFactory     : Hibernate is in classpath; If applicable, HQL parser will be used.
2025-09-03T00:08:46.079+09:00  WARN 10788 --- [MySpringBootLab] [restartedMain] JpaBaseConfiguration$JpaWebConfiguration : spring.jpa.open-in-view is enabled by default. Therefore, database queries may be performed during view rendering. Explicitly configure spring.jpa.open-in-view to disable this warning
2025-09-03T00:08:46.375+09:00  WARN 10788 --- [MySpringBootLab] [restartedMain] ion$DefaultTemplateResolverConfiguration : Cannot find template location: classpath:/templates/ (please add some templates, check your Thymeleaf configuration, or set spring.thymeleaf.check-template-location=false)
2025-09-03T00:08:46.579+09:00  INFO 10788 --- [MySpringBootLab] [restartedMain] o.s.b.a.h2.H2ConsoleAutoConfiguration    : H2 console available at '/h2-console'. Database available at 'jdbc:h2:mem:testdb'
2025-09-03T00:08:46.653+09:00  INFO 10788 --- [MySpringBootLab] [restartedMain] o.s.b.d.a.OptionalLiveReloadServer       : LiveReload server is running on port 35729
2025-09-03T00:08:46.667+09:00  INFO 10788 --- [MySpringBootLab] [restartedMain] o.s.b.a.e.web.EndpointLinksResolver      : Exposing 1 endpoint beneath base path '/actuator'
2025-09-03T00:08:46.783+09:00  INFO 10788 --- [MySpringBootLab] [restartedMain] o.s.b.w.embedded.tomcat.TomcatWebServer  : Tomcat started on port 8080 (http) with context path '/'
2025-09-03T00:08:46.799+09:00  INFO 10788 --- [MySpringBootLab] [restartedMain] c.r.m.MySpringBootLabApplication         : Started MySpringBootLabApplication in 5.51 seconds (process running for 5.881)
2025-09-03T00:08:46.845+09:00  INFO 10788 --- [MySpringBootLab] [restartedMain] c.r.m.runner.BookDataInitRunner          : Starting book data initialization...
2025-09-03T00:08:46.943+09:00  INFO 10788 --- [MySpringBootLab] [restartedMain] c.r.m.runner.BookDataInitRunner          : Creating publishers...
2025-09-03T00:08:46.977+09:00  INFO 10788 --- [MySpringBootLab] [restartedMain] c.r.m.runner.BookDataInitRunner          : Created 4 publishers
2025-09-03T00:08:46.977+09:00  INFO 10788 --- [MySpringBootLab] [restartedMain] c.r.m.runner.BookDataInitRunner          : Creating books...
2025-09-03T00:08:46.984+09:00  INFO 10788 --- [MySpringBootLab] [restartedMain] c.r.m.runner.BookDataInitRunner          : Created 8 books
2025-09-03T00:08:46.984+09:00  INFO 10788 --- [MySpringBootLab] [restartedMain] c.r.m.runner.BookDataInitRunner          : Book data initialization completed successfully
2025-09-03T00:08:46.996+09:00 DEBUG 10788 --- [MySpringBootLab] [restartedMain] c.r.myspringbootlab.runner.MyPropRunner  : ${myprop.username} = Test Env
2025-09-03T00:08:46.996+09:00 DEBUG 10788 --- [MySpringBootLab] [restartedMain] c.r.myspringbootlab.runner.MyPropRunner  : ${myprop.port} = 92
2025-09-03T00:08:46.996+09:00 DEBUG 10788 --- [MySpringBootLab] [restartedMain] c.r.myspringbootlab.runner.MyPropRunner  : ${myprop.username} = Test Env
2025-09-03T00:08:46.996+09:00  INFO 10788 --- [MySpringBootLab] [restartedMain] c.r.myspringbootlab.runner.MyPropRunner  : MyBootProperties getUsername() = Test Env
2025-09-03T00:08:46.996+09:00  INFO 10788 --- [MySpringBootLab] [restartedMain] c.r.myspringbootlab.runner.MyPropRunner  : MyBootProperties getPort() = 33
2025-09-03T00:08:46.996+09:00  INFO 10788 --- [MySpringBootLab] [restartedMain] c.r.myspringbootlab.runner.MyPropRunner  : 설정된 Port 번호 = 8080
2025-09-03T00:08:46.997+09:00  INFO 10788 --- [MySpringBootLab] [restartedMain] c.r.myspringbootlab.runner.MyPropRunner  : 현재 활성화된 MyEnvironment Bean = MyEnvironment(mode=테스트환경)
2025-09-03T00:08:46.997+09:00 DEBUG 10788 --- [MySpringBootLab] [restartedMain] c.r.myspringbootlab.runner.MyPropRunner  : VM 아규먼트 foo : false
2025-09-03T00:08:46.997+09:00 DEBUG 10788 --- [MySpringBootLab] [restartedMain] c.r.myspringbootlab.runner.MyPropRunner  : Program 아규먼트 bar : false
2025-09-03T00:08:54.730+09:00  INFO 10788 --- [MySpringBootLab] [http-nio-8080-exec-2] o.a.c.c.C.[Tomcat].[localhost].[/]       : Initializing Spring DispatcherServlet 'dispatcherServlet'
2025-09-03T00:08:54.730+09:00  INFO 10788 --- [MySpringBootLab] [http-nio-8080-exec-2] o.s.web.servlet.DispatcherServlet        : Initializing Servlet 'dispatcherServlet'
2025-09-03T00:08:54.731+09:00  INFO 10788 --- [MySpringBootLab] [http-nio-8080-exec-2] o.s.web.servlet.DispatcherServlet        : Completed initialization in 1 ms
2025-09-03T00:08:54.916+09:00  WARN 10788 --- [MySpringBootLab] [http-nio-8080-exec-2] .m.m.a.ExceptionHandlerExceptionResolver : Resolved [org.springframework.web.bind.MethodArgumentNotValidException: Validation failed for argument [0] in public org.springframework.http.ResponseEntity<com.rookies4.myspringbootlab.controller.dto.BookDTO$Response> com.rookies4.myspringbootlab.controller.BookDetailController.createBook(com.rookies4.myspringbootlab.controller.dto.BookDTO$Request) with 6 errors: [Field error in object 'request' on field 'publishDate': rejected value [2025-12-31]; codes [Past.request.publishDate,Past.publishDate,Past.java.time.LocalDate,Past]; arguments [org.springframework.context.support.DefaultMessageSourceResolvable: codes [request.publishDate,publishDate]; arguments []; default message [publishDate]]; default message [Publish date must be in the past]] [Field error in object 'request' on field 'isbn': rejected value [invalid-isbn]; codes [Pattern.request.isbn,Pattern.isbn,Pattern.java.lang.String,Pattern]; arguments [org.springframework.context.support.DefaultMessageSourceResolvable: codes [request.isbn,isbn]; arguments []; default message [isbn],[Ljakarta.validation.constraints.Pattern$Flag;@55b6cc57,^(?=(?:\D*\d){10}(?:(?:\D*\d){3})?$)[\d-]+$]; default message [ISBN must be valid (10 or 13 digits, with or without hyphens)]] [Field error in object 'request' on field 'author': rejected value []; codes [NotBlank.request.author,NotBlank.author,NotBlank.java.lang.String,NotBlank]; arguments [org.springframework.context.support.DefaultMessageSourceResolvable: codes [request.author,author]; arguments []; default message [author]]; default message [Author name is required]] [Field error in object 'request' on field 'publisherId': rejected value [null]; codes [NotNull.request.publisherId,NotNull.publisherId,NotNull.java.lang.Long,NotNull]; arguments [org.springframework.context.support.DefaultMessageSourceResolvable: codes [request.publisherId,publisherId]; arguments []; default message [publisherId]]; default message [Publisher ID is required]] [Field error in object 'request' on field 'title': rejected value []; codes [NotBlank.request.title,NotBlank.title,NotBlank.java.lang.String,NotBlank]; arguments [org.springframework.context.support.DefaultMessageSourceResolvable: codes [request.title,title]; arguments []; default message [title]]; default message [Book title is required]] [Field error in object 'request' on field 'price': rejected value [-100]; codes [PositiveOrZero.request.price,PositiveOrZero.price,PositiveOrZero.java.lang.Integer,PositiveOrZero]; arguments [org.springframework.context.support.DefaultMessageSourceResolvable: codes [request.price,price]; arguments []; default message [price]]; default message [Price must be positive or zero]] ]
2025-09-03T00:09:26.683+09:00  INFO 10788 --- [MySpringBootLab] [SpringApplicationShutdownHook] o.s.b.w.e.tomcat.GracefulShutdown        : Commencing graceful shutdown. Waiting for active requests to complete
2025-09-03T00:09:26.908+09:00  INFO 10788 --- [MySpringBootLab] [tomcat-shutdown] o.s.b.w.e.tomcat.GracefulShutdown        : Graceful shutdown complete
2025-09-03T00:09:26.908+09:00  INFO 10788 --- [MySpringBootLab] [SpringApplicationShutdownHook] j.LocalContainerEntityManagerFactoryBean : Closing JPA EntityManagerFactory for persistence unit 'default'
2025-09-03T00:09:26.924+09:00  WARN 10788 --- [MySpringBootLab] [SpringApplicationShutdownHook] o.s.b.f.support.DisposableBeanAdapter    : Invocation of destroy method failed on bean with name 'inMemoryDatabaseShutdownExecutor': org.h2.jdbc.JdbcSQLNonTransientConnectionException: Database is already closed (to disable automatic closing at VM shutdown, add ";DB_CLOSE_ON_EXIT=FALSE" to the db URL) [90121-232]
2025-09-03T00:09:26.924+09:00  INFO 10788 --- [MySpringBootLab] [SpringApplicationShutdownHook] com.zaxxer.hikari.HikariDataSource       : HikariPool-1 - Shutdown initiated...
2025-09-03T00:09:26.924+09:00  INFO 10788 --- [MySpringBootLab] [SpringApplicationShutdownHook] com.zaxxer.hikari.HikariDataSource       : HikariPool-1 - Shutdown completed.
